0.404122
0.398803
0.774202
0.438165
0.350798
0.63391
