0.359707
0.615978
0.668661
0.314936
0.501544
0.539174
