0.417783
0.417453
0.713831
0.437541
0.439517
0.573875
