0.417007
0.429785
0.713227
0.435903
0.359231
0.644848
