0.58914
0.557176
0.455901
0.376617
0.535743
0.553062
0.546776
0.547032
0.538353
0.450461
0.569636
0.415853
0.473881
0.446693
0.472591
0.510554
0.460239
0.546762
0.513021
0.51067
0.54325
0.595259
0.455457
0.585027
0.588499
0.466037
0.499979
0.462416
0.496625
0.477047
0.634283
0.503289
0.49221
0.516602
0.577641
0.500517
0.487193
0.537206
0.572609
0.361931
0.560011
0.503827
0.541767
0.44518
0.531951
0.396716
0.568494
0.518387
0.605762
0.491937
0.455269
0.557895
0.41039
0.51715
0.515297
0.517672
0.514971
0.497318
0.465886
0.476445
0.604853
0.479537
0.504384
0.479508
0.506681
0.478565
0.576043
0.488898
0.537182
0.469655
0.451815
0.516185
0.357825
0.504944
0.564438
0.468563
0.43984
0.437022
0.557247
0.430863
0.515657
0.390938
0.449548
0.486592
0.597066
0.457894
0.573185
0.472477
0.513433
0.405139
0.470666
0.438917
0.455701
0.452119
0.456431
0.57412
0.491292
0.534802
0.513147
0.381268
