0.541667
0.458333
0.375
0.541667
0.458333
0.375
0.458333
0.541667
0.458333
0.791667
