0.443627
0.542731
0.526434
0.527064
0.448725
0.454513
0.5471
0.526974
0.530581
0.493407
0.57289
0.50692
0.467368
0.486079
0.467429
0.523336
0.396698
0.545597
0.403412
0.452906
0.532159
0.497861
0.523934
0.42293
0.573234
0.516785
0.424153
0.523021
0.536486
0.502889
0.587845
0.589438
0.531759
0.511959
0.534119
0.471619
0.479863
0.549551
0.487197
0.435546
0.467957
0.417755
0.500529
0.470211
0.469373
0.489332
0.620914
0.555649
0.566133
0.445519
0.5089
0.559523
0.558577
0.463343
0.4057
0.476533
0.468473
0.578803
0.467377
0.502086
0.531142
0.498792
0.451947
0.447695
0.523691
0.529023
0.47377
0.364231
0.563579
0.431791
0.449274
0.511972
0.441849
0.501405
0.543565
0.506693
0.447784
0.547536
0.505628
0.496071
0.481065
0.523533
0.513208
0.475014
0.553484
0.507131
0.494266
0.549796
0.512352
0.515174
0.458081
0.453853
0.471226
0.588239
0.524291
0.347445
0.598445
0.519808
0.515966
0.541359
